interactions:
  - request:
      body: null
      headers:
        Content-Type: [application/json]
        trakt-api-key: [57e188bcb9750c79ed452e1674925bc6848bd126e02bb15350211be74c6547af]
        trakt-api-version: [2]
      method: GET
      uri: https://api-v2launch.trakt.tv/search?query=House&type=show
    response:
      body: {string: "[{\"type\":\"show\",\"score\":49.67352,\"show\":{\"title\":\"\
          House\",\"overview\":\"Go deeper into the medical mysteries of House, TV's\
          \ most compelling drama. Hugh Laurie stars as the brilliant but sarcastic\
          \ Dr. Gregory House, a maverick physician who is devoid of bedside manner.\
          \ While his behavior can border on antisocial, Dr. House thrives on the\
          \ challenge of solving the medical puzzles that other doctors give up on.\
          \ Together with his hand-picked team of young medical experts, he'll do\
          \ whatever it takes in the race against the clock to solve the case.\",\"\
          year\":2004,\"status\":\"ended\",\"images\":{\"poster\":{\"full\":\"https://walter.trakt.us/images/shows/000/001/399/posters/original/76fae8b69b.jpg\"\
          ,\"medium\":\"https://walter.trakt.us/images/shows/000/001/399/posters/medium/76fae8b69b.jpg\"\
          ,\"thumb\":\"https://walter.trakt.us/images/shows/000/001/399/posters/thumb/76fae8b69b.jpg\"\
          },\"fanart\":{\"full\":\"https://walter.trakt.us/images/shows/000/001/399/fanarts/original/c628f24771.jpg\"\
          ,\"medium\":\"https://walter.trakt.us/images/shows/000/001/399/fanarts/medium/c628f24771.jpg\"\
          ,\"thumb\":\"https://walter.trakt.us/images/shows/000/001/399/fanarts/thumb/c628f24771.jpg\"\
          }},\"ids\":{\"trakt\":1399,\"slug\":\"house\",\"tvdb\":73255,\"imdb\":\"\
          tt0412142\",\"tmdb\":1408,\"tvrage\":3908}}},{\"type\":\"show\",\"score\"\
          :40.142265,\"show\":{\"title\":\"House vs. House\",\"overview\":\"House\
          \ vs. House is a new home makeover competition series where amateur and\
          \ experienced renovation teams compete for the chance to win $10,000 by\
          \ proving they can create the better DIY projects in their home. From painting\
          \ and decorating, to one-of-a-kind, imaginative projects, each episode features\
          \ two teams will go head-to-head in grueling challenges. Tanya McQueen,\
          \ a DIY design expert, and David Brian Sanders, an architect and designer,\
          \ will determine which team completes the most impressive transformation\
          \ and award the cash prize.\",\"year\":1969,\"status\":\"\",\"images\":{\"\
          poster\":{\"full\":null,\"medium\":null,\"thumb\":null},\"fanart\":{\"full\"\
          :null,\"medium\":null,\"thumb\":null}},\"ids\":{\"trakt\":93965,\"slug\"\
          :\"house-vs-house\",\"tvdb\":287378,\"imdb\":\"tt4097428\",\"tmdb\":null,\"\
          tvrage\":null}}},{\"type\":\"show\",\"score\":35.481087,\"show\":{\"title\"\
          :\"Full House\",\"overview\":\"Full House is an American sitcom created\
          \ by Jeff Franklin for ABC. The show chronicles a widowed father, who enlists\
          \ his best friend and his brother-in-law to help raise his three daughters.\
          \ It aired from September 22, 1987, to May 23, 1995, broadcasting eight\
          \ seasons and 192 episodes.\",\"year\":1987,\"status\":\"ended\",\"images\"\
          :{\"poster\":{\"full\":\"https://walter.trakt.us/images/shows/000/004/289/posters/original/17202e7ebc.jpg\"\
          ,\"medium\":\"https://walter.trakt.us/images/shows/000/004/289/posters/medium/17202e7ebc.jpg\"\
          ,\"thumb\":\"https://walter.trakt.us/images/shows/000/004/289/posters/thumb/17202e7ebc.jpg\"\
          },\"fanart\":{\"full\":\"https://walter.trakt.us/images/shows/000/004/289/fanarts/original/98635a003a.jpg\"\
          ,\"medium\":\"https://walter.trakt.us/images/shows/000/004/289/fanarts/medium/98635a003a.jpg\"\
          ,\"thumb\":\"https://walter.trakt.us/images/shows/000/004/289/fanarts/thumb/98635a003a.jpg\"\
          }},\"ids\":{\"trakt\":4289,\"slug\":\"full-house-1987\",\"tvdb\":70500,\"\
          imdb\":\"tt0092359\",\"tmdb\":4313,\"tvrage\":3622}}},{\"type\":\"show\"\
          ,\"score\":35.481087,\"show\":{\"title\":\"House Hunters\",\"overview\"\
          :\"House Hunters takes viewers behind the scenes as individuals, couples\
          \ and families learn what to look for and decide whether or not a home is\
          \ meant for them. Focusing on the emotional experience of finding and purchasing\
          \ a new home, each episode follows a prospective buyer and real estate agent\
          \ through the home-buying process, from start to finish.\",\"year\":1999,\"\
          status\":\"returning series\",\"images\":{\"poster\":{\"full\":\"https://walter.trakt.us/images/shows/000/006/441/posters/original/d9d5f542d4.jpg\"\
          ,\"medium\":\"https://walter.trakt.us/images/shows/000/006/441/posters/medium/d9d5f542d4.jpg\"\
          ,\"thumb\":\"https://walter.trakt.us/images/shows/000/006/441/posters/thumb/d9d5f542d4.jpg\"\
          },\"fanart\":{\"full\":\"https://walter.trakt.us/images/shows/000/006/441/fanarts/original/36bdbe2817.jpg\"\
          ,\"medium\":\"https://walter.trakt.us/images/shows/000/006/441/fanarts/medium/36bdbe2817.jpg\"\
          ,\"thumb\":\"https://walter.trakt.us/images/shows/000/006/441/fanarts/thumb/36bdbe2817.jpg\"\
          }},\"ids\":{\"trakt\":6441,\"slug\":\"house-hunters\",\"tvdb\":73182,\"\
          imdb\":\"tt0369117\",\"tmdb\":6480,\"tvrage\":null}}},{\"type\":\"show\"\
          ,\"score\":35.481087,\"show\":{\"title\":\"Alpha House\",\"overview\":\"\
          Alpha House follows four senators who live together in a rented house in\
          \ Washington DC.Re-election battles, looming indictments, parties, their\
          \ Party... these senators need a drink. And a new housemate.\",\"year\"\
          :2013,\"status\":\"returning series\",\"images\":{\"poster\":{\"full\":\"\
          https://walter.trakt.us/images/shows/000/060/285/posters/original/5637f1fe65.jpg\"\
          ,\"medium\":\"https://walter.trakt.us/images/shows/000/060/285/posters/medium/5637f1fe65.jpg\"\
          ,\"thumb\":\"https://walter.trakt.us/images/shows/000/060/285/posters/thumb/5637f1fe65.jpg\"\
          },\"fanart\":{\"full\":\"https://walter.trakt.us/images/shows/000/060/285/fanarts/original/e477e76c44.jpg\"\
          ,\"medium\":\"https://walter.trakt.us/images/shows/000/060/285/fanarts/medium/e477e76c44.jpg\"\
          ,\"thumb\":\"https://walter.trakt.us/images/shows/000/060/285/fanarts/thumb/e477e76c44.jpg\"\
          }},\"ids\":{\"trakt\":60285,\"slug\":\"alpha-house\",\"tvdb\":269008,\"\
          imdb\":\"tt3012160\",\"tmdb\":60719,\"tvrage\":34454}}},{\"type\":\"show\"\
          ,\"score\":35.481087,\"show\":{\"title\":\"Fuller House\",\"overview\":\"\
          Recently widowed D.J. Tanner-Fuller gets help from her sister Stephanie\
          \ and best friend Kimmy when the women move in with their families to help\
          \ D.J. raise her children in this spin-off series.\",\"year\":2016,\"status\"\
          :\"returning series\",\"images\":{\"poster\":{\"full\":\"https://walter.trakt.us/images/shows/000/102/424/posters/original/ff4124c48a.jpg\"\
          ,\"medium\":\"https://walter.trakt.us/images/shows/000/102/424/posters/medium/ff4124c48a.jpg\"\
          ,\"thumb\":\"https://walter.trakt.us/images/shows/000/102/424/posters/thumb/ff4124c48a.jpg\"\
          },\"fanart\":{\"full\":\"https://walter.trakt.us/images/shows/000/102/424/fanarts/original/37bbde27f6.jpg\"\
          ,\"medium\":\"https://walter.trakt.us/images/shows/000/102/424/fanarts/medium/37bbde27f6.jpg\"\
          ,\"thumb\":\"https://walter.trakt.us/images/shows/000/102/424/fanarts/thumb/37bbde27f6.jpg\"\
          }},\"ids\":{\"trakt\":102424,\"slug\":\"fuller-house\",\"tvdb\":301236,\"\
          imdb\":\"tt3986586\",\"tmdb\":63623,\"tvrage\":48701}}},{\"type\":\"show\"\
          ,\"score\":35.481087,\"show\":{\"title\":\"Playing House\",\"overview\"\
          :\"A single-camera buddy comedy about what happens when two best friends\
          \ come back together, just when they need each other most.Inspired by the\
          \ ultra-close friendship between the series' creators and stars, \\\"Playing\
          \ House\\\" centers on mother to-be Maggie who asks her single and career-driven\
          \ best friend Emma to return home from her job overseas to attend her baby\
          \ shower, having no idea what\u2019s truly in store.\",\"year\":2014,\"\
          status\":\"returning series\",\"images\":{\"poster\":{\"full\":\"https://walter.trakt.us/images/shows/000/073/385/posters/original/43003e74db.jpg\"\
          ,\"medium\":\"https://walter.trakt.us/images/shows/000/073/385/posters/medium/43003e74db.jpg\"\
          ,\"thumb\":\"https://walter.trakt.us/images/shows/000/073/385/posters/thumb/43003e74db.jpg\"\
          },\"fanart\":{\"full\":\"https://walter.trakt.us/images/shows/000/073/385/fanarts/original/49c78c5d22.jpg\"\
          ,\"medium\":\"https://walter.trakt.us/images/shows/000/073/385/fanarts/medium/49c78c5d22.jpg\"\
          ,\"thumb\":\"https://walter.trakt.us/images/shows/000/073/385/fanarts/thumb/49c78c5d22.jpg\"\
          }},\"ids\":{\"trakt\":73385,\"slug\":\"playing-house\",\"tvdb\":269898,\"\
          imdb\":\"tt2750182\",\"tmdb\":null,\"tvrage\":null}}},{\"type\":\"show\"\
          ,\"score\":35.481087,\"show\":{\"title\":\"House Husbands\",\"overview\"\
          :\"House Husbands centres around four families with one thing in common,\
          \ the husbands stay home to raise the children.\",\"year\":2012,\"status\"\
          :\"returning series\",\"images\":{\"poster\":{\"full\":\"https://walter.trakt.us/images/shows/000/043/830/posters/original/8d6ef762b1.jpg\"\
          ,\"medium\":\"https://walter.trakt.us/images/shows/000/043/830/posters/medium/8d6ef762b1.jpg\"\
          ,\"thumb\":\"https://walter.trakt.us/images/shows/000/043/830/posters/thumb/8d6ef762b1.jpg\"\
          },\"fanart\":{\"full\":\"https://walter.trakt.us/images/shows/000/043/830/fanarts/original/632ffeb8be.jpg\"\
          ,\"medium\":\"https://walter.trakt.us/images/shows/000/043/830/fanarts/medium/632ffeb8be.jpg\"\
          ,\"thumb\":\"https://walter.trakt.us/images/shows/000/043/830/fanarts/thumb/632ffeb8be.jpg\"\
          }},\"ids\":{\"trakt\":43830,\"slug\":\"house-husbands\",\"tvdb\":262026,\"\
          imdb\":\"tt2402807\",\"tmdb\":44072,\"tvrage\":null}}},{\"type\":\"show\"\
          ,\"score\":35.481087,\"show\":{\"title\":\"Full House\",\"overview\":\"\
          Han Ji Eun is a naive writer who got swindled out of everything she owned\
          \ including her house by her best friends. Stranded in China, She managed\
          \ to borrow money from an actor Lee Young Jae to return to Korea. On her\
          \ return, she found out that her house was bought by Lee Young Jae. In an\
          \ attempt to get her possessions back, she entered in a contract marriage\
          \ with Young Jae for one year. In spite of losing all, Ji Eun manages to\
          \ be cheerful and takes things in strike and the business relationship between\
          \ the two becomes personal as they start to rely and care for each other.\
          \ \",\"year\":2004,\"status\":\"ended\",\"images\":{\"poster\":{\"full\"\
          :\"https://walter.trakt.us/images/shows/000/003/482/posters/original/3d0d97a090.jpg\"\
          ,\"medium\":\"https://walter.trakt.us/images/shows/000/003/482/posters/medium/3d0d97a090.jpg\"\
          ,\"thumb\":\"https://walter.trakt.us/images/shows/000/003/482/posters/thumb/3d0d97a090.jpg\"\
          },\"fanart\":{\"full\":\"https://walter.trakt.us/images/shows/000/003/482/fanarts/original/eedae3b9b4.jpg\"\
          ,\"medium\":\"https://walter.trakt.us/images/shows/000/003/482/fanarts/medium/eedae3b9b4.jpg\"\
          ,\"thumb\":\"https://walter.trakt.us/images/shows/000/003/482/fanarts/thumb/eedae3b9b4.jpg\"\
          }},\"ids\":{\"trakt\":3482,\"slug\":\"full-house\",\"tvdb\":84928,\"imdb\"\
          :\"tt0464625\",\"tmdb\":3504,\"tvrage\":null}}},{\"type\":\"show\",\"score\"\
          :35.481087,\"show\":{\"title\":\"House Arrest\",\"year\":2011,\"status\"\
          :\"returning series\",\"images\":{\"poster\":{\"full\":\"https://walter.trakt.us/images/shows/000/065/016/posters/original/8e883c8947.jpg\"\
          ,\"medium\":\"https://walter.trakt.us/images/shows/000/065/016/posters/medium/8e883c8947.jpg\"\
          ,\"thumb\":\"https://walter.trakt.us/images/shows/000/065/016/posters/thumb/8e883c8947.jpg\"\
          },\"fanart\":{\"full\":\"https://walter.trakt.us/images/shows/000/065/016/fanarts/original/8e883c8947.jpg\"\
          ,\"medium\":\"https://walter.trakt.us/images/shows/000/065/016/fanarts/medium/8e883c8947.jpg\"\
          ,\"thumb\":\"https://walter.trakt.us/images/shows/000/065/016/fanarts/thumb/8e883c8947.jpg\"\
          }},\"ids\":{\"trakt\":65016,\"slug\":\"house-arrest\",\"tvdb\":253261,\"\
          imdb\":\"tt2279701\",\"tmdb\":null,\"tvrage\":null}}}]"}
      headers:
        cache-control: ['public, max-age=14400']
        cf-cache-status: [HIT]
        cf-ray: [27dce663adae19ce-SYD]
        connection: [keep-alive]
        content-type: [application/json; charset=utf-8]
        date: ['Thu, 03 Mar 2016 11:55:31 GMT']
        etag: [W/"20793cb1d9858d55c6f9a2ae72306f0c"]
        expires: ['Thu, 03 Mar 2016 15:55:31 GMT']
        server: [cloudflare-nginx]
        set-cookie: ['__cfduid=df86ac5eb77751d6bb8b07d5ccbd1e0951457006131; expires=Fri,
            03-Mar-17 11:55:31 GMT; path=/; domain=.trakt.tv; HttpOnly']
        vary: [Accept-Encoding]
        x-content-type-options: [nosniff]
        x-frame-options: [SAMEORIGIN]
        x-pagination-item-count: ['1533']
        x-pagination-limit: ['10']
        x-pagination-page: ['1']
        x-pagination-page-count: ['154']
        x-request-id: [1197df3b-d2c4-45f4-bd79-19ee002cabbc]
        x-runtime: ['0.025071']
        x-xss-protection: [1; mode=block]
      status: {code: 200, message: OK}
  - request:
      body: null
      headers:
        Content-Type: [application/json]
        Cookie: [__cfduid=df86ac5eb77751d6bb8b07d5ccbd1e0951457006131]
        trakt-api-key: [57e188bcb9750c79ed452e1674925bc6848bd126e02bb15350211be74c6547af]
        trakt-api-version: [2]
      method: GET
      uri: https://api-v2launch.trakt.tv/shows/1399?extended=full
    response:
      body: {string: '{"title":"House","year":2004,"ids":{"trakt":1399,"slug":"house","tvdb":73255,"imdb":"tt0412142","tmdb":1408,"tvrage":3908},"overview":"Go
          deeper into the medical mysteries of House, TV''s most compelling drama.
          Hugh Laurie stars as the brilliant but sarcastic Dr. Gregory House, a maverick
          physician who is devoid of bedside manner. While his behavior can border
          on antisocial, Dr. House thrives on the challenge of solving the medical
          puzzles that other doctors give up on. Together with his hand-picked team
          of young medical experts, he''ll do whatever it takes in the race against
          the clock to solve the case.","first_aired":"2004-11-16T08:00:00.000Z","airs":{"day":null,"time":null,"timezone":"America/New_York"},"runtime":45,"certification":"TV-14","network":"FOX
          (US)","country":"us","trailer":null,"homepage":"http://www.fox.com/house/index.htm","status":"ended","rating":8.80422,"votes":15819,"updated_at":"2016-02-11T10:31:53.000Z","language":"en","available_translations":["en","tr","sk","ru","pt","fr","pl","bg","hu","it","de","nl","el","he","da","es","ro","cs","bs","lt"],"genres":["comedy","drama","mystery","action"],"aired_episodes":176}'}
      headers:
        cache-control: ['public, max-age=14400']
        cf-cache-status: [HIT]
        cf-ray: [27dce6641db619ce-SYD]
        connection: [keep-alive]
        content-type: [application/json; charset=utf-8]
        date: ['Thu, 03 Mar 2016 11:55:31 GMT']
        etag: [W/"d59feb20b1932bbe0d26e500a30e74b5"]
        expires: ['Thu, 03 Mar 2016 15:55:31 GMT']
        last-modified: ['Thu, 11 Feb 2016 10:31:53 GMT']
        server: [cloudflare-nginx]
        vary: [Accept-Encoding]
        x-content-type-options: [nosniff]
        x-frame-options: [SAMEORIGIN]
        x-request-id: [fc712727-9a77-4be8-a8f0-40178b7bb579]
        x-runtime: ['0.019998']
        x-xss-protection: [1; mode=block]
      status: {code: 200, message: OK}
  - request:
      body: null
      headers:
        Content-Type: [application/json]
        trakt-api-key: [57e188bcb9750c79ed452e1674925bc6848bd126e02bb15350211be74c6547af]
        trakt-api-version: [2]
      method: GET
      uri: https://api-v2launch.trakt.tv/shows/1399/seasons/1/episodes/2/?extended=full
    response:
      body: {string: '{"season":1,"number":2,"title":"Paternity","ids":{"trakt":74344,"tvdb":110995,"imdb":"tt0606034","tmdb":0,"tvrage":84700},"number_abs":null,"overview":"When
          a teenage lacrosse player is stricken with an unidentifiable brain disease,
          Dr. House and the team hustle to give his parents answers. Chase breaks
          the bad news, the kid has MS, but the boy''s night-terror hallucinations
          disprove the diagnosis and send House and his team back to square one. As
          the boy''s health deteriorates. House''s side-bet on the paternity of the
          patient infuriates Dr. Cuddy and the teenager''s parents, but may just pay
          off in spades.","rating":8.05909,"votes":440,"first_aired":"2004-11-23T05:00:00.000Z","updated_at":"2016-02-29T03:06:23.000Z","available_translations":[]}'}
      headers:
        cache-control: ['public, max-age=14400']
        cf-cache-status: [HIT]
        cf-ray: [27dce664f77219aa-SYD]
        connection: [keep-alive]
        content-type: [application/json; charset=utf-8]
        date: ['Thu, 03 Mar 2016 11:55:32 GMT']
        expires: ['Thu, 03 Mar 2016 15:55:32 GMT']
        last-modified: ['Mon, 29 Feb 2016 03:06:23 GMT']
        server: [cloudflare-nginx]
        set-cookie: ['__cfduid=d1b97378c168b8f586be6748da1b0e4321457006132; expires=Fri,
            03-Mar-17 11:55:32 GMT; path=/; domain=.trakt.tv; HttpOnly']
        vary: [Accept-Encoding]
        x-content-type-options: [nosniff]
        x-frame-options: [SAMEORIGIN]
        x-request-id: [0452183c-a5be-475b-9009-67b27ffbdee3]
        x-runtime: ['0.020334']
        x-xss-protection: [1; mode=block]
      status: {code: 200, message: OK}
  - request:
      body: null
      headers:
        Content-Type: [application/json]
        trakt-api-key: [57e188bcb9750c79ed452e1674925bc6848bd126e02bb15350211be74c6547af]
        trakt-api-version: [2]
      method: GET
      uri: https://api-v2launch.trakt.tv/search?query=Doctor+Who&type=show&year=2005
    response:
      body: {string: "[{\"type\":\"show\",\"score\":62.06438,\"show\":{\"title\":\"\
          Doctor Who\",\"overview\":\"The Doctor is an alien Time Lord from the planet\
          \ Gallifrey who travels through all of time and space in his TARDIS. He\
          \ has a long list of friends and companions who have shared journeys with\
          \ him. Instead of dying, the Doctor is able to \u201Cregenerate\u201D into\
          \ a new body, taking on a new personality with each regeneration. Twelve\
          \ actors, plus John Hurt, have played The Doctor thus far.\",\"year\":2005,\"\
          status\":\"returning series\",\"images\":{\"poster\":{\"full\":\"https://walter.trakt.us/images/shows/000/056/872/posters/original/8c421e339d.jpg\"\
          ,\"medium\":\"https://walter.trakt.us/images/shows/000/056/872/posters/medium/8c421e339d.jpg\"\
          ,\"thumb\":\"https://walter.trakt.us/images/shows/000/056/872/posters/thumb/8c421e339d.jpg\"\
          },\"fanart\":{\"full\":\"https://walter.trakt.us/images/shows/000/056/872/fanarts/original/e37d501a02.jpg\"\
          ,\"medium\":\"https://walter.trakt.us/images/shows/000/056/872/fanarts/medium/e37d501a02.jpg\"\
          ,\"thumb\":\"https://walter.trakt.us/images/shows/000/056/872/fanarts/thumb/e37d501a02.jpg\"\
          }},\"ids\":{\"trakt\":56872,\"slug\":\"doctor-who-2005\",\"tvdb\":78804,\"\
          imdb\":\"tt0436992\",\"tmdb\":57243,\"tvrage\":3332}}},{\"type\":\"show\"\
          ,\"score\":49.651505,\"show\":{\"title\":\"Doctor Who Confidential\",\"\
          overview\":\"Specially filmed for BBC Three as a companion piece to Doctor\
          \ Who, Doctor Who Confidential aims to give a taste of the excitement and\
          \ the energy that surrounds the show. The programme includes behind-the-scenes\
          \ filming and interviews with the cast, writers and production team as they\
          \ bring our favourite Time Lord back to our screens.An abbreviated 15-minute\
          \ version, concentrating on the production of the new series and without\
          \ reference to the original show, is also broadcast on BBC Three as Doctor\
          \ Who Confidential Cutdown.\",\"year\":2005,\"status\":\"ended\",\"images\"\
          :{\"poster\":{\"full\":\"https://walter.trakt.us/images/shows/000/001/051/posters/original/de98e274d3.jpg\"\
          ,\"medium\":\"https://walter.trakt.us/images/shows/000/001/051/posters/medium/de98e274d3.jpg\"\
          ,\"thumb\":\"https://walter.trakt.us/images/shows/000/001/051/posters/thumb/de98e274d3.jpg\"\
          },\"fanart\":{\"full\":\"https://walter.trakt.us/images/shows/000/001/051/fanarts/original/3b9938962b.jpg\"\
          ,\"medium\":\"https://walter.trakt.us/images/shows/000/001/051/fanarts/medium/3b9938962b.jpg\"\
          ,\"thumb\":\"https://walter.trakt.us/images/shows/000/001/051/fanarts/thumb/3b9938962b.jpg\"\
          }},\"ids\":{\"trakt\":1051,\"slug\":\"doctor-who-confidential\",\"tvdb\"\
          :79298,\"imdb\":\"tt0453422\",\"tmdb\":1056,\"tvrage\":null}}},{\"type\"\
          :\"show\",\"score\":0.43036786,\"show\":{\"title\":\"The Herbalist's Manual\"\
          ,\"overview\":\"This drama is about Lee Si Jan who studies medicine by secretly\
          \ following his dad and learning it, since his father doesn't want him to\
          \ be a doctor as it wasn't popular back then.\",\"year\":2005,\"status\"\
          :\"ended\",\"images\":{\"poster\":{\"full\":null,\"medium\":null,\"thumb\"\
          :null},\"fanart\":{\"full\":null,\"medium\":null,\"thumb\":null}},\"ids\"\
          :{\"trakt\":103842,\"slug\":\"the-herbalist-s-manual\",\"tvdb\":303990,\"\
          imdb\":\"tt0855304\",\"tmdb\":null,\"tvrage\":null}}},{\"type\":\"show\"\
          ,\"score\":0.3442943,\"show\":{\"title\":\"Inconceivable\",\"overview\"\
          :\"Marco Pennette (\\\"All About the Andersons\\\") and Oliver Goldstick\
          \ (\\\"Desperate Housewives\\\") are set to team on a new comedy pilot at\
          \ the Peacock, about doctors, shrinks and lawyers who work in a fertility\
          \ clinic. The project, which has a green light to produce a pilot, is set\
          \ up at the Touchstone Television-based Tollin/Robbins Productions.\",\"\
          year\":2005,\"status\":\"ended\",\"images\":{\"poster\":{\"full\":null,\"\
          medium\":null,\"thumb\":null},\"fanart\":{\"full\":null,\"medium\":null,\"\
          thumb\":null}},\"ids\":{\"trakt\":2748,\"slug\":\"inconceivable\",\"tvdb\"\
          :75645,\"imdb\":null,\"tmdb\":2766,\"tvrage\":3954}}},{\"type\":\"show\"\
          ,\"score\":0.30125752,\"show\":{\"title\":\"Dangerous Sister\",\"overview\"\
          :\"Ito Misaki stars as the number-one cabaret/hostess club girl. Hailing\
          \ from the Miyazaki countryside, she has been told since her youth that\
          \ all she has is a beautiful face. Her brilliant younger brother (played\
          \ by Moriyama Mirai) who aims to become a doctor, is her only pride. For\
          \ his sake, she is willing to put up with all sorts of hardships in a display\
          \ of unconditional love.\",\"year\":2005,\"status\":\"ended\",\"images\"\
          :{\"poster\":{\"full\":\"https://walter.trakt.us/images/shows/000/009/462/posters/original/cf0bffe7d6.jpg\"\
          ,\"medium\":\"https://walter.trakt.us/images/shows/000/009/462/posters/medium/cf0bffe7d6.jpg\"\
          ,\"thumb\":\"https://walter.trakt.us/images/shows/000/009/462/posters/thumb/cf0bffe7d6.jpg\"\
          },\"fanart\":{\"full\":\"https://walter.trakt.us/images/shows/000/009/462/fanarts/original/ddf68caac5.jpg\"\
          ,\"medium\":\"https://walter.trakt.us/images/shows/000/009/462/fanarts/medium/ddf68caac5.jpg\"\
          ,\"thumb\":\"https://walter.trakt.us/images/shows/000/009/462/fanarts/thumb/ddf68caac5.jpg\"\
          }},\"ids\":{\"trakt\":9462,\"slug\":\"dangerous-sister\",\"tvdb\":99681,\"\
          imdb\":null,\"tmdb\":9510,\"tvrage\":16128}}},{\"type\":\"show\",\"score\"\
          :0.2550279,\"show\":{\"title\":\"H2\",\"overview\":\"Kunimi Hiro was an\
          \ ace pitcher in junior high school,until he was diagnosed by a doctor as\
          \ having a \\\"glass elbow\\\". He gave up baseball and joined Senkawa Senior\
          \ High School's soccer team. But then something happens that reignites his\
          \ passion for baseball and he joins a baseball team managed by Koga Haruka.\
          \ And he finds himself in a match against his old friend/rival Tachibana\
          \ Hideo who has advanced to Meiwa No.1 High School. The meeting of the two\
          \ is observed by Hideo's girlfriend Amamiya Hikari, who is also Hiro's childhood\
          \ friend. Meanwhile, Haruka finds herself increasingly drawn towards Hiro,\
          \ despite his being interested only in baseball. It's a story about high\
          \ school students who dream of appearing at Koushien baseball tournament\
          \ and young love. --TBS\",\"year\":2005,\"status\":\"ended\",\"images\"\
          :{\"poster\":{\"full\":\"https://walter.trakt.us/images/shows/000/061/726/posters/original/851cb6cfb4.jpg\"\
          ,\"medium\":\"https://walter.trakt.us/images/shows/000/061/726/posters/medium/851cb6cfb4.jpg\"\
          ,\"thumb\":\"https://walter.trakt.us/images/shows/000/061/726/posters/thumb/851cb6cfb4.jpg\"\
          },\"fanart\":{\"full\":\"https://walter.trakt.us/images/shows/000/061/726/fanarts/original/76afe70672.jpg\"\
          ,\"medium\":\"https://walter.trakt.us/images/shows/000/061/726/fanarts/medium/76afe70672.jpg\"\
          ,\"thumb\":\"https://walter.trakt.us/images/shows/000/061/726/fanarts/thumb/76afe70672.jpg\"\
          }},\"ids\":{\"trakt\":61726,\"slug\":\"h2-2005\",\"tvdb\":84824,\"imdb\"\
          :null,\"tmdb\":null,\"tvrage\":null}}},{\"type\":\"show\",\"score\":0.2550279,\"\
          show\":{\"title\":\"Kimi to Itahibi\",\"overview\":\"Kunimi Hiro was an\
          \ ace pitcher in junior high school,until he was diagnosed by a doctor as\
          \ having a \\\"glass elbow\\\". He gave up baseball and joined Senkawa Senior\
          \ High School's soccer team. But then something happens that reignites his\
          \ passion for baseball and he joins a baseball team managed by Koga Haruka.\
          \ And he finds himself in a match against his old friend/rival Tachibana\
          \ Hideo who has advanced to Meiwa No.1 High School. The meeting of the two\
          \ is observed by Hideo's girlfriend Amamiya Hikari, who is also Hiro's childhood\
          \ friend. Meanwhile, Haruka finds herself increasingly drawn towards Hiro,\
          \ despite his being interested only in baseball. It's a story about high\
          \ school students who dream of appearing at Koushien baseball tournament\
          \ and young love.\",\"year\":2005,\"status\":\"ended\",\"images\":{\"poster\"\
          :{\"full\":null,\"medium\":null,\"thumb\":null},\"fanart\":{\"full\":\"\
          https://walter.trakt.us/images/shows/000/079/747/fanarts/original/60bfcf99be.jpg\"\
          ,\"medium\":\"https://walter.trakt.us/images/shows/000/079/747/fanarts/medium/60bfcf99be.jpg\"\
          ,\"thumb\":\"https://walter.trakt.us/images/shows/000/079/747/fanarts/thumb/60bfcf99be.jpg\"\
          }},\"ids\":{\"trakt\":79747,\"slug\":\"kimi-to-itahibi\",\"tvdb\":259209,\"\
          imdb\":null,\"tmdb\":null,\"tvrage\":null}}},{\"type\":\"show\",\"score\"\
          :0.24345282,\"show\":{\"title\":\"Hanoi Bride\",\"overview\":\"Park Eun\
          \ Woo (Lee Dong Wook) worked as a doctor in a clinic in Hanoi where he fell\
          \ in love with a Vietnamese girl Ly Thi Vu (Kim Ok Bin). Due to the sudden\
          \ death of his father, he had to return to Korea in a hurry but the message\
          \ wasn't related to Ly Thi Vu. His elder brother Park Sok Woo (Lee Won Jong)\
          \ who worked as a farmer in the field was hard pressed by his mother to\
          \ go to Vietnam to find a wife and he ended up bringing Ly Thi Vu to Korea\
          \ with the intention to marry her. Song Il Lan (Yoo Hye Jung) was Park Sok\
          \ Woo's childhood friend and she realized that she was in love with him\
          \ and he had similar feeling for her too. When the misunderstanding between\
          \ Park Sok Woo and Ly Thi Vu got clarified and all truth were out in the\
          \ open, his mother who thought Ly Thi Vu was going to be her first son's\
          \ wife and liked her didn't think she was good enough for her second son\
          \ as he was a doctor. Ly Thi Vu was hurt and returned to Hanoi. Later the\
          \ mother came to realize her folly and relented. Park Eun Woo didn't want\
          \ to give up Ly Thi Vu and so he went back to work in Hanoi and search for\
          \ her.\",\"year\":2005,\"status\":\"ended\",\"images\":{\"poster\":{\"full\"\
          :null,\"medium\":null,\"thumb\":null},\"fanart\":{\"full\":null,\"medium\"\
          :null,\"thumb\":null}},\"ids\":{\"trakt\":99658,\"slug\":\"hanoi-bride\"\
          ,\"tvdb\":256432,\"imdb\":null,\"tmdb\":null,\"tvrage\":null}}},{\"type\"\
          :\"show\",\"score\":0.20402232,\"show\":{\"title\":\"My Rosy Life\",\"overview\"\
          :\"Maeng Sun-yi sacrificed her childhood and youth to taking care of her\
          \ father, who started drinking heavily after her mother abandoned them when\
          \ she was 10, and her two younger siblings. She even gave up her own education\
          \ because she had to work hard to earn her siblings\u2019 tuitions. She\
          \ is married to a guy named Ban Sung-moon, her five years junior, and has\
          \ two daughters with him. Her life continues to present her with endless\
          \ hardships but she just believes that that is \u201Chappiness\u201D. One\
          \ day her husband falls in love with an attractive divorced woman and demands\
          \ a divorce from Sun-yi.Sun-yi\u2019s younger sister, Maeng Young-yi, is\
          \ a successful career woman. She dates her first love Lee Jung-do, who is\
          \ now married to another woman and who broke up with her for the sake of\
          \ his career in the past.Finally, Sun-yi\u2019s younger brother, Chul-soo,\
          \ earns his doctorate degree in the United States and settles down there,\
          \ completely ignoring his responsibility of taking care of his father.Just\
          \ to make things worse, Sun-yi is one day diagnosed with cancer, which to\
          \ her is tantamount to a death sentence. After learning about her disease,\
          \ her husband reflects on himself and shows her the genuine meaning of marital\
          \ love.\",\"year\":2005,\"status\":\"ended\",\"images\":{\"poster\":{\"\
          full\":null,\"medium\":null,\"thumb\":null},\"fanart\":{\"full\":null,\"\
          medium\":null,\"thumb\":null}},\"ids\":{\"trakt\":104271,\"slug\":\"my-rosy-life\"\
          ,\"tvdb\":294625,\"imdb\":\"tt1301845\",\"tmdb\":16715,\"tvrage\":14290}}}]"}
      headers:
        cache-control: ['public, max-age=14400']
        cf-cache-status: [HIT]
        cf-ray: [27dce666153619b6-SYD]
        connection: [keep-alive]
        content-type: [application/json; charset=utf-8]
        date: ['Thu, 03 Mar 2016 11:55:32 GMT']
        etag: [W/"e5b218f5e5ee3693cef8efbdf480bada"]
        expires: ['Thu, 03 Mar 2016 15:55:32 GMT']
        server: [cloudflare-nginx]
        set-cookie: ['__cfduid=de6f02964862a582f72e78b67f3c562c51457006132; expires=Fri,
            03-Mar-17 11:55:32 GMT; path=/; domain=.trakt.tv; HttpOnly']
        vary: [Accept-Encoding]
        x-content-type-options: [nosniff]
        x-frame-options: [SAMEORIGIN]
        x-pagination-item-count: ['9']
        x-pagination-limit: ['10']
        x-pagination-page: ['1']
        x-pagination-page-count: ['1']
        x-request-id: [6d994e19-c791-4b1e-82d4-4c6f9e36a17a]
        x-runtime: ['0.030612']
        x-xss-protection: [1; mode=block]
      status: {code: 200, message: OK}
  - request:
      body: null
      headers:
        Content-Type: [application/json]
        Cookie: [__cfduid=de6f02964862a582f72e78b67f3c562c51457006132]
        trakt-api-key: [57e188bcb9750c79ed452e1674925bc6848bd126e02bb15350211be74c6547af]
        trakt-api-version: [2]
      method: GET
      uri: https://api-v2launch.trakt.tv/shows/56872?extended=full
    response:
      body: {string: "{\"title\":\"Doctor Who\",\"year\":2005,\"ids\":{\"trakt\":56872,\"\
          slug\":\"doctor-who-2005\",\"tvdb\":78804,\"imdb\":\"tt0436992\",\"tmdb\"\
          :57243,\"tvrage\":3332},\"overview\":\"The Doctor is an alien Time Lord\
          \ from the planet Gallifrey who travels through all of time and space in\
          \ his TARDIS. He has a long list of friends and companions who have shared\
          \ journeys with him. Instead of dying, the Doctor is able to \u201Cregenerate\u201D\
          \ into a new body, taking on a new personality with each regeneration. Twelve\
          \ actors, plus John Hurt, have played The Doctor thus far.\",\"first_aired\"\
          :\"2005-03-26T20:30:00.000Z\",\"airs\":{\"day\":\"Saturday\",\"time\":\"\
          20:30\",\"timezone\":\"Europe/London\"},\"runtime\":45,\"certification\"\
          :\"TV-PG\",\"network\":\"BBC One\",\"country\":\"gb\",\"trailer\":null,\"\
          homepage\":\"http://www.bbc.co.uk/programmes/b006q2x0\",\"status\":\"returning\
          \ series\",\"rating\":9.07117,\"votes\":12323,\"updated_at\":\"2016-03-01T10:34:03.000Z\"\
          ,\"language\":\"en\",\"available_translations\":[\"da\",\"en\",\"hu\",\"\
          ru\",\"nl\",\"pt\",\"pl\",\"de\",\"bg\",\"es\",\"fr\",\"zh\",\"tr\",\"cs\"\
          ,\"it\",\"el\",\"no\",\"he\",\"sv\",\"bs\",\"hr\",\"ko\",\"uk\",\"fa\",\"\
          vi\",\"ro\",\"fi\"],\"genres\":[\"drama\",\"action\",\"adventure\",\"science-fiction\"\
          ],\"aired_episodes\":115}"}
      headers:
        cache-control: ['public, max-age=14400']
        cf-cache-status: [HIT]
        cf-ray: [27dce666654d19b6-SYD]
        connection: [keep-alive]
        content-type: [application/json; charset=utf-8]
        date: ['Thu, 03 Mar 2016 11:55:32 GMT']
        etag: [W/"28f1487f00f8f7a8a255e316c2cf3549"]
        expires: ['Thu, 03 Mar 2016 15:55:32 GMT']
        last-modified: ['Tue, 01 Mar 2016 10:34:03 GMT']
        server: [cloudflare-nginx]
        vary: [Accept-Encoding]
        x-content-type-options: [nosniff]
        x-frame-options: [SAMEORIGIN]
        x-request-id: [41adddde-51a0-4ee4-97c6-8643085660d5]
        x-runtime: ['0.018365']
        x-xss-protection: [1; mode=block]
      status: {code: 200, message: OK}
  - request:
      body: null
      headers:
        Content-Type: [application/json]
        trakt-api-key: [57e188bcb9750c79ed452e1674925bc6848bd126e02bb15350211be74c6547af]
        trakt-api-version: [2]
      method: GET
      uri: https://api-v2launch.trakt.tv/shows/56872/seasons/2/episodes/3/?extended=full
    response:
      body: {string: "{\"season\":2,\"number\":3,\"title\":\"School Reunion\",\"ids\"\
          :{\"trakt\":951447,\"tvdb\":302431,\"imdb\":null,\"tmdb\":941480,\"tvrage\"\
          :0},\"number_abs\":null,\"overview\":\"Location: Deffry Vale High School,\
          \ London, England, Earth \\nDate: 2007 \\nEnemies: The Krillitanes \\n\\\
          nThere are strange goings-on at a comprehensive school - UFOs, over-intelligent\
          \ children, and odd-tasting school dinners. This attracts the attention\
          \ of the Tenth Doctor, Rose and Mickey Smith, as well as a couple of old\
          \ friends\u2026\",\"rating\":8.08604,\"votes\":616,\"first_aired\":\"2006-04-29T19:30:00.000Z\"\
          ,\"updated_at\":\"2016-03-02T10:22:34.000Z\",\"available_translations\"\
          :[]}"}
      headers:
        cache-control: ['public, max-age=14400']
        cf-cache-status: [HIT]
        cf-ray: [27dce66783020b20-SYD]
        connection: [keep-alive]
        content-type: [application/json; charset=utf-8]
        date: ['Thu, 03 Mar 2016 11:55:32 GMT']
        expires: ['Thu, 03 Mar 2016 15:55:32 GMT']
        last-modified: ['Wed, 02 Mar 2016 10:22:34 GMT']
        server: [cloudflare-nginx]
        set-cookie: ['__cfduid=dfa3c8d0c58c9eca458d1b504be85e8e61457006132; expires=Fri,
            03-Mar-17 11:55:32 GMT; path=/; domain=.trakt.tv; HttpOnly']
        vary: [Accept-Encoding]
        x-content-type-options: [nosniff]
        x-frame-options: [SAMEORIGIN]
        x-request-id: [221593e1-2cca-4808-a341-15c42941aac7]
        x-runtime: ['0.016676']
        x-xss-protection: [1; mode=block]
      status: {code: 200, message: OK}
version: 1
